// Jest Snapshot v1, https://goo.gl/fbAQLP

exports[`render correctly with defaults 1`] = `
<View
  accessible={true}
  focusable={false}
  isTVSelectable={true}
  onClick={[Function]}
  onResponderGrant={[Function]}
  onResponderMove={[Function]}
  onResponderRelease={[Function]}
  onResponderTerminate={[Function]}
  onResponderTerminationRequest={[Function]}
  onStartShouldSetResponder={[Function]}
  style={
    Object {
      "backgroundColor": "#FFF",
      "borderRadius": 16,
      "marginHorizontal": 20,
      "opacity": 1,
      "padding": 16,
      "shadowColor": "#000",
      "shadowOffset": Object {
        "height": 0.2,
        "width": 0.2,
      },
      "shadowOpacity": 0.2,
      "shadowRadius": 16,
    }
  }
>
  <Text
    numberOfLines={2}
    style={
      Object {
        "color": "#000",
        "fontSize": 27,
        "fontWeight": "bold",
      }
    }
  >
    title
  </Text>
  <Text
    numberOfLines={3}
    style={
      Object {
        "color": "#343434",
        "fontSize": 27,
      }
    }
  />
</View>
`;
