// Jest Snapshot v1, https://goo.gl/fbAQLP

exports[`render correctly 1`] = `
<RNCSafeAreaView
  onInsetsChange={[Function]}
  style={
    Object {
      "flex": 1,
    }
  }
/>
`;
